SQL> 
SQL> drop user MUSEO cascade;

Usuario borrado.

SQL> create user MUSEO identified by "museo";

Usuario creado.

SQL> grant create session, create table, unlimited tablespace to MUSEO;

Concesión terminada correctamente.

SQL> conn MUSEO/museo
Conectado.
SQL> 
SQL> CREATE TABLE ADQUISICION
  2  	 (
  3  	  idAdq INTEGER  NOT NULL ,
  4  	  metodo VARCHAR2 (30)
  5  	 )
  6  ;

Tabla creada.

SQL> 
SQL> 
SQL> 
SQL> ALTER TABLE ADQUISICION
  2  	 ADD CONSTRAINT "ADQUISICION PK" PRIMARY KEY ( idAdq ) ;

Tabla modificada.

SQL> 
SQL> 
SQL> 
SQL> CREATE TABLE ARQUEOLOGIA
  2  	 (
  3  	  idArq INTEGER  NOT NULL ,
  4  	  nomObj VARCHAR2 (30) ,
  5  	  peso VARCHAR2 (20) ,
  6  	  idFec INTEGER  NOT NULL ,
  7  	  idOri INTEGER  NOT NULL ,
  8  	  idCons INTEGER  NOT NULL
  9  	 )
 10  ;

Tabla creada.

SQL> 
SQL> 
SQL> 
SQL> ALTER TABLE ARQUEOLOGIA
  2  	 ADD CONSTRAINT "ARQUEOLOGIA PK" PRIMARY KEY ( idArq ) ;

Tabla modificada.

SQL> 
SQL> 
SQL> 
SQL> CREATE TABLE ARTISTA
  2  	 (
  3  	  idArt INTEGER  NOT NULL ,
  4  	  nomArt VARCHAR2 (30) ,
  5  	  apeArt VARCHAR2 (30) ,
  6  	  codigo INTEGER ,
  7  	  lugNac VARCHAR2 (40) ,
  8  	  fNac DATE ,
  9  	  desconocido VARCHAR2 (10)
 10  	 )
 11  ;

Tabla creada.

SQL> 
SQL> 
SQL> 
SQL> ALTER TABLE ARTISTA
  2  	 ADD CONSTRAINT "ARTISTA PK" PRIMARY KEY ( idArt ) ;

Tabla modificada.

SQL> 
SQL> 
SQL> 
SQL> CREATE TABLE BELLA_ARTE
  2  	 (
  3  	  idObra INTEGER  NOT NULL ,
  4  	  numInv INTEGER ,
  5  	  ubicacion VARCHAR2 (50) ,
  6  	  idArt INTEGER  NOT NULL ,
  7  	  fIng DATE ,
  8  	  fCrea DATE ,
  9  	  fDesconocido DATE ,
 10  	  iconografia VARCHAR2 (100) ,
 11  	  nomObra VARCHAR2 (30)
 12  	 )
 13  ;

Tabla creada.

SQL> 
SQL> 
SQL> 
SQL> ALTER TABLE BELLA_ARTE
  2  	 ADD CONSTRAINT "BELLA_ARTE PK" PRIMARY KEY ( idObra ) ;

Tabla modificada.

SQL> 
SQL> 
SQL> 
SQL> CREATE TABLE BIBLIOGRAFIA
  2  	 (
  3  	  idBib INTEGER  NOT NULL ,
  4  	  referencias VARCHAR2 (60) ,
  5  	  autor VARCHAR2 (30) ,
  6  	  editorial VARCHAR2 (30) ,
  7  	  año DATE ,
  8  	  publicacion VARCHAR2 (30) ,
  9  	  pagina_ref VARCHAR2 (30)
 10  	 )
 11  ;

Tabla creada.

SQL> 
SQL> 
SQL> 
SQL> ALTER TABLE BIBLIOGRAFIA
  2  	 ADD CONSTRAINT "BIBLIOGRAFIA PK" PRIMARY KEY ( idBib ) ;

Tabla modificada.

SQL> 
SQL> 
SQL> 
SQL> CREATE TABLE COMPOSICION
  2  	 (
  3  	  objeto INTEGER  NOT NULL ,
  4  	  material INTEGER  NOT NULL
  5  	 )
  6  ;

Tabla creada.

SQL> 
SQL> 
SQL> 
SQL> ALTER TABLE COMPOSICION
  2  	 ADD CONSTRAINT COMPOSICION__IDX PRIMARY KEY ( objeto, material ) ;

Tabla modificada.

SQL> 
SQL> 
SQL> 
SQL> CREATE TABLE CONSERVACION
  2  	 (
  3  	  idCons INTEGER  NOT NULL ,
  4  	  estado VARCHAR2 (30) ,
  5  	  descripcion VARCHAR2 (50) ,
  6  	  idProA INTEGER  NOT NULL
  7  	 )
  8  ;

Tabla creada.

SQL> 
SQL> 
SQL> 
SQL> ALTER TABLE CONSERVACION
  2  	 ADD CONSTRAINT "CONSERVACION PK" PRIMARY KEY ( idCons ) ;

Tabla modificada.

SQL> 
SQL> 
SQL> 
SQL> CREATE TABLE DESCRIPCION
  2  	 (
  3  	  idDes INTEGER  NOT NULL ,
  4  	  numEnt INTEGER ,
  5  	  numLib INTEGER
  6  	 )
  7  ;

Tabla creada.

SQL> 
SQL> 
SQL> 
SQL> ALTER TABLE DESCRIPCION
  2  	 ADD CONSTRAINT "DESCRIPCION PK" PRIMARY KEY ( idDes ) ;

Tabla modificada.

SQL> 
SQL> 
SQL> 
SQL> CREATE TABLE DOCUMENTO
  2  	 (
  3  	  idDoc INTEGER  NOT NULL ,
  4  	  conclusiones VARCHAR2 (70) ,
  5  	  recomendaciones VARCHAR2 (70) ,
  6  	  idInt INTEGER  NOT NULL ,
  7  	  idEst INTEGER  NOT NULL ,
  8  	  idInfo INTEGER  NOT NULL
  9  	 )
 10  ;

Tabla creada.

SQL> 
SQL> 
SQL> CREATE UNIQUE INDEX DOCUMENTO__IDX ON DOCUMENTO
  2  	 (
  3  	  idInt ASC
  4  	 )
  5  ;

Índice creado.

SQL> CREATE UNIQUE INDEX DOCUMENTO__IDXv1 ON DOCUMENTO
  2  	 (
  3  	  idEst ASC
  4  	 )
  5  ;

Índice creado.

SQL> CREATE UNIQUE INDEX DOCUMENTO__IDXv2 ON DOCUMENTO
  2  	 (
  3  	  idInfo ASC
  4  	 )
  5  ;

Índice creado.

SQL> 
SQL> ALTER TABLE DOCUMENTO
  2  	 ADD CONSTRAINT "DOCUMENTO PK" PRIMARY KEY ( idDoc ) ;

Tabla modificada.

SQL> 
SQL> 
SQL> 
SQL> CREATE TABLE ETNOLOGIA
  2  	 (
  3  	  idEt INTEGER	NOT NULL ,
  4  	  fIng DATE ,
  5  	  fAdq DATE ,
  6  	  procedencia VARCHAR2 (30) ,
  7  	  idDes INTEGER  NOT NULL ,
  8  	  idAdq INTEGER  NOT NULL
  9  	 )
 10  ;

Tabla creada.

SQL> 
SQL> 
SQL> 
SQL> ALTER TABLE ETNOLOGIA
  2  	 ADD CONSTRAINT "ETNOLOGIA PK" PRIMARY KEY ( idEt ) ;

Tabla modificada.

SQL> 
SQL> 
SQL> 
SQL> CREATE TABLE FECHA
  2  	 (
  3  	  idFec INTEGER  NOT NULL ,
  4  	  fIng DATE ,
  5  	  fIns DATE
  6  	 )
  7  ;

Tabla creada.

SQL> 
SQL> 
SQL> 
SQL> ALTER TABLE FECHA
  2  	 ADD CONSTRAINT "FECHA PK" PRIMARY KEY ( idFec ) ;

Tabla modificada.

SQL> 
SQL> 
SQL> 
SQL> CREATE TABLE GALERIA
  2  	 (
  3  	  IMAGEN_idIma INTEGER	NOT NULL ,
  4  	  OBJETO_idObj INTEGER	NOT NULL
  5  	 )
  6  ;

Tabla creada.

SQL> 
SQL> 
SQL> 
SQL> ALTER TABLE GALERIA
  2  	 ADD CONSTRAINT GALERIA__IDX PRIMARY KEY ( IMAGEN_idIma, OBJETO_idObj ) ;

Tabla modificada.

SQL> 
SQL> 
SQL> 
SQL> CREATE TABLE IMAGEN
  2  	 (
  3  	  idIma INTEGER  NOT NULL ,
  4  	  foto BLOB
  5  	 )
  6  ;

Tabla creada.

SQL> 
SQL> 
SQL> 
SQL> ALTER TABLE IMAGEN
  2  	 ADD CONSTRAINT "IMAGEN PK" PRIMARY KEY ( idIma ) ;

Tabla modificada.

SQL> 
SQL> 
SQL> 
SQL> CREATE TABLE INFO_ESTADO
  2  	 (
  3  	  idEst INTEGER  NOT NULL ,
  4  	  conclusiones VARCHAR2 (70) ,
  5  	  recomendaciones VARCHAR2 (70) ,
  6  	  caracteristicas VARCHAR2 (100) ,
  7  	  metodologia VARCHAR2 (70) ,
  8  	  observaciones VARCHAR2 (100) ,
  9  	  idDoc INTEGER  NOT NULL
 10  	 )
 11  ;

Tabla creada.

SQL> 
SQL> 
SQL> CREATE UNIQUE INDEX INFO_ESTADO__IDX ON INFO_ESTADO
  2  	 (
  3  	  idDoc ASC
  4  	 )
  5  ;

Índice creado.

SQL> 
SQL> ALTER TABLE INFO_ESTADO
  2  	 ADD CONSTRAINT "INFO_ESTADO PK" PRIMARY KEY ( idEst ) ;

Tabla modificada.

SQL> 
SQL> 
SQL> 
SQL> CREATE TABLE INFO_INTERVENCION
  2  	 (
  3  	  idInfo INTEGER  NOT NULL ,
  4  	  restaurador VARCHAR2 (50) ,
  5  	  prioridad INTEGER ,
  6  	  recomendaciones VARCHAR2 (100) ,
  7  	  conclusiones VARCHAR2 (100) ,
  8  	  imagen BLOB ,
  9  	  descripcion VARCHAR2 (100) ,
 10  	  idDoc INTEGER  NOT NULL
 11  	 )
 12  ;

Tabla creada.

SQL> 
SQL> 
SQL> CREATE UNIQUE INDEX INFO_INTERVENCION__IDX ON INFO_INTERVENCION
  2  	 (
  3  	  idDoc ASC
  4  	 )
  5  ;

Índice creado.

SQL> 
SQL> ALTER TABLE INFO_INTERVENCION
  2  	 ADD CONSTRAINT "INFO_INTERVENCION PK" PRIMARY KEY ( idInfo ) ;

Tabla modificada.

SQL> 
SQL> 
SQL> 
SQL> CREATE TABLE INTERVENCION
  2  	 (
  3  	  idInt INTEGER  NOT NULL ,
  4  	  detalles VARCHAR2 (60) ,
  5  	  prioridad INTEGER ,
  6  	  imagen BLOB ,
  7  	  estado_inicial VARCHAR2 (60) ,
  8  	  idCons INTEGER  NOT NULL ,
  9  	  idDoc INTEGER  NOT NULL
 10  	 )
 11  ;

Tabla creada.

SQL> 
SQL> 
SQL> CREATE UNIQUE INDEX INTERVENCION__IDX ON INTERVENCION
  2  	 (
  3  	  idDoc ASC
  4  	 )
  5  ;

Índice creado.

SQL> 
SQL> ALTER TABLE INTERVENCION
  2  	 ADD CONSTRAINT "INTERVENCION PK" PRIMARY KEY ( idInt ) ;

Tabla modificada.

SQL> 
SQL> 
SQL> 
SQL> CREATE TABLE MATERIAL
  2  	 (
  3  	  idMat INTEGER  NOT NULL ,
  4  	  nomMat VARCHAR2 (30)
  5  	 )
  6  ;

Tabla creada.

SQL> 
SQL> 
SQL> 
SQL> ALTER TABLE MATERIAL
  2  	 ADD CONSTRAINT "MATERIAL PK" PRIMARY KEY ( idMat ) ;

Tabla modificada.

SQL> 
SQL> 
SQL> 
SQL> CREATE TABLE METODO
  2  	 (
  3  	  ARTISTA_idArt INTEGER  NOT NULL ,
  4  	  TECNICA_idTec INTEGER  NOT NULL
  5  	 )
  6  ;

Tabla creada.

SQL> 
SQL> 
SQL> 
SQL> ALTER TABLE METODO
  2  	 ADD CONSTRAINT METODO__IDX PRIMARY KEY ( ARTISTA_idArt, TECNICA_idTec ) ;

Tabla modificada.

SQL> 
SQL> 
SQL> 
SQL> CREATE TABLE MOVIMIENTO
  2  	 (
  3  	  idMov INTEGER  NOT NULL ,
  4  	  lugExp VARCHAR2 (40) ,
  5  	  fExp DATE
  6  	 )
  7  ;

Tabla creada.

SQL> 
SQL> 
SQL> 
SQL> ALTER TABLE MOVIMIENTO
  2  	 ADD CONSTRAINT "MOVIMIENTO PK" PRIMARY KEY ( idMov ) ;

Tabla modificada.

SQL> 
SQL> 
SQL> 
SQL> CREATE TABLE OBJETO
  2  	 (
  3  	  idObj INTEGER  NOT NULL ,
  4  	  nomObj VARCHAR2 (30) ,
  5  	  numCat INTEGER ,
  6  	  dimensiones VARCHAR2 (15) ,
  7  	  idObra INTEGER  NOT NULL ,
  8  	  idArq INTEGER  NOT NULL ,
  9  	  idEt INTEGER	NOT NULL ,
 10  	  idBib INTEGER  NOT NULL
 11  	 )
 12  ;

Tabla creada.

SQL> 
SQL> 
SQL> 
SQL> ALTER TABLE OBJETO
  2  	 ADD CONSTRAINT "OBJETO PK" PRIMARY KEY ( idObj ) ;

Tabla modificada.

SQL> 
SQL> 
SQL> 
SQL> CREATE TABLE ORIGEN
  2  	 (
  3  	  idOri INTEGER  NOT NULL ,
  4  	  cultura VARCHAR2 (30) ,
  5  	  serie VARCHAR2 (30) ,
  6  	  depositario VARCHAR2 (30)
  7  	 )
  8  ;

Tabla creada.

SQL> 
SQL> 
SQL> 
SQL> ALTER TABLE ORIGEN
  2  	 ADD CONSTRAINT "ORIGEN PK" PRIMARY KEY ( idOri ) ;

Tabla modificada.

SQL> 
SQL> 
SQL> 
SQL> CREATE TABLE PROCEDENCIA_ARQUE
  2  	 (
  3  	  idProA INTEGER  NOT NULL ,
  4  	  yacimiento VARCHAR2 (40) ,
  5  	  hallazgo VARCHAR2 (40) ,
  6  	  municipio VARCHAR2 (40)
  7  	 )
  8  ;

Tabla creada.

SQL> 
SQL> 
SQL> 
SQL> ALTER TABLE PROCEDENCIA_ARQUE
  2  	 ADD CONSTRAINT "PROCEDENCIA_ARQUE PK" PRIMARY KEY ( idProA ) ;

Tabla modificada.

SQL> 
SQL> 
SQL> 
SQL> CREATE TABLE PROCEDENCIA_BELLA
  2  	 (
  3  	  idProB INTEGER  NOT NULL ,
  4  	  forma_adq VARCHAR2 (50) ,
  5  	  idObra INTEGER  NOT NULL
  6  	 )
  7  ;

Tabla creada.

SQL> 
SQL> 
SQL> 
SQL> ALTER TABLE PROCEDENCIA_BELLA
  2  	 ADD CONSTRAINT "PROCEDENCIA_BELLA PK" PRIMARY KEY ( idProB ) ;

Tabla modificada.

SQL> 
SQL> 
SQL> 
SQL> CREATE TABLE PROPIETARIO
  2  	 (
  3  	  idPro INTEGER  NOT NULL ,
  4  	  iniciales VARCHAR2 (5)
  5  	 )
  6  ;

Tabla creada.

SQL> 
SQL> 
SQL> 
SQL> ALTER TABLE PROPIETARIO
  2  	 ADD CONSTRAINT "PROPIETARIO PK" PRIMARY KEY ( idPro ) ;

Tabla modificada.

SQL> 
SQL> 
SQL> 
SQL> CREATE TABLE TECNICA
  2  	 (
  3  	  idTec INTEGER  NOT NULL ,
  4  	  nomTec VARCHAR2 (30) ,
  5  	  estilo VARCHAR2 (30)
  6  	 )
  7  ;

Tabla creada.

SQL> 
SQL> 
SQL> 
SQL> ALTER TABLE TECNICA
  2  	 ADD CONSTRAINT "TECNICA PK" PRIMARY KEY ( idTec ) ;

Tabla modificada.

SQL> 
SQL> 
SQL> 
SQL> CREATE TABLE TITULAR
  2  	 (
  3  	  OBJETO_idObj INTEGER	NOT NULL ,
  4  	  PROPIETARIO_idPro INTEGER  NOT NULL
  5  	 )
  6  ;

Tabla creada.

SQL> 
SQL> 
SQL> 
SQL> ALTER TABLE TITULAR
  2  	 ADD CONSTRAINT TITULAR__IDX PRIMARY KEY ( OBJETO_idObj, PROPIETARIO_idPro ) ;

Tabla modificada.

SQL> 
SQL> 
SQL> 
SQL> CREATE TABLE "TRASLADO "
  2  	 (
  3  	  BELLA_ARTE_idObra INTEGER  NOT NULL ,
  4  	  MOVIMIENTO_idMov INTEGER  NOT NULL
  5  	 )
  6  ;

Tabla creada.

SQL> 
SQL> 
SQL> 
SQL> ALTER TABLE "TRASLADO "
  2  	 ADD CONSTRAINT "TRASLADO __IDX" PRIMARY KEY ( BELLA_ARTE_idObra, MOVIMIENTO_idMov ) ;

Tabla modificada.

SQL> 
SQL> 
SQL> 
SQL> 
SQL> ALTER TABLE COMPOSICION
  2  	 ADD CONSTRAINT FK_600 FOREIGN KEY
  3  	 (
  4  	  objeto
  5  	 )
  6  	 REFERENCES OBJETO
  7  	 (
  8  	  idObj
  9  	 )
 10  	 ON DELETE CASCADE
 11  ;

Tabla modificada.

SQL> 
SQL> 
SQL> ALTER TABLE COMPOSICION
  2  	 ADD CONSTRAINT FK_700 FOREIGN KEY
  3  	 (
  4  	  material
  5  	 )
  6  	 REFERENCES MATERIAL
  7  	 (
  8  	  idMat
  9  	 )
 10  	 ON DELETE CASCADE
 11  ;

Tabla modificada.

SQL> 
SQL> 
SQL> ALTER TABLE GALERIA
  2  	 ADD CONSTRAINT FK_ASS_1 FOREIGN KEY
  3  	 (
  4  	  IMAGEN_idIma
  5  	 )
  6  	 REFERENCES IMAGEN
  7  	 (
  8  	  idIma
  9  	 )
 10  	 ON DELETE CASCADE
 11  ;

Tabla modificada.

SQL> 
SQL> 
SQL> ALTER TABLE TITULAR
  2  	 ADD CONSTRAINT FK_ASS_15 FOREIGN KEY
  3  	 (
  4  	  OBJETO_idObj
  5  	 )
  6  	 REFERENCES OBJETO
  7  	 (
  8  	  idObj
  9  	 )
 10  	 ON DELETE CASCADE
 11  ;

Tabla modificada.

SQL> 
SQL> 
SQL> ALTER TABLE TITULAR
  2  	 ADD CONSTRAINT FK_ASS_16 FOREIGN KEY
  3  	 (
  4  	  PROPIETARIO_idPro
  5  	 )
  6  	 REFERENCES PROPIETARIO
  7  	 (
  8  	  idPro
  9  	 )
 10  	 ON DELETE CASCADE
 11  ;

Tabla modificada.

SQL> 
SQL> 
SQL> ALTER TABLE "TRASLADO "
  2  	 ADD CONSTRAINT FK_ASS_17 FOREIGN KEY
  3  	 (
  4  	  BELLA_ARTE_idObra
  5  	 )
  6  	 REFERENCES BELLA_ARTE
  7  	 (
  8  	  idObra
  9  	 )
 10  	 ON DELETE CASCADE
 11  ;

Tabla modificada.

SQL> 
SQL> 
SQL> ALTER TABLE "TRASLADO "
  2  	 ADD CONSTRAINT FK_ASS_18 FOREIGN KEY
  3  	 (
  4  	  MOVIMIENTO_idMov
  5  	 )
  6  	 REFERENCES MOVIMIENTO
  7  	 (
  8  	  idMov
  9  	 )
 10  	 ON DELETE CASCADE
 11  ;

Tabla modificada.

SQL> 
SQL> 
SQL> ALTER TABLE GALERIA
  2  	 ADD CONSTRAINT FK_ASS_2 FOREIGN KEY
  3  	 (
  4  	  OBJETO_idObj
  5  	 )
  6  	 REFERENCES OBJETO
  7  	 (
  8  	  idObj
  9  	 )
 10  	 ON DELETE CASCADE
 11  ;

Tabla modificada.

SQL> 
SQL> 
SQL> ALTER TABLE METODO
  2  	 ADD CONSTRAINT FK_ASS_3 FOREIGN KEY
  3  	 (
  4  	  ARTISTA_idArt
  5  	 )
  6  	 REFERENCES ARTISTA
  7  	 (
  8  	  idArt
  9  	 )
 10  	 ON DELETE CASCADE
 11  ;

Tabla modificada.

SQL> 
SQL> 
SQL> ALTER TABLE METODO
  2  	 ADD CONSTRAINT FK_ASS_4 FOREIGN KEY
  3  	 (
  4  	  TECNICA_idTec
  5  	 )
  6  	 REFERENCES TECNICA
  7  	 (
  8  	  idTec
  9  	 )
 10  	 ON DELETE CASCADE
 11  ;

Tabla modificada.

SQL> 
SQL> 
SQL> ALTER TABLE ETNOLOGIA
  2  	 ADD CONSTRAINT Relation_10 FOREIGN KEY
  3  	 (
  4  	  idDes
  5  	 )
  6  	 REFERENCES DESCRIPCION
  7  	 (
  8  	  idDes
  9  	 )
 10  	 ON DELETE CASCADE
 11  ;

Tabla modificada.

SQL> 
SQL> 
SQL> ALTER TABLE DOCUMENTO
  2  	 ADD CONSTRAINT Relation_100 FOREIGN KEY
  3  	 (
  4  	  idInt
  5  	 )
  6  	 REFERENCES INTERVENCION
  7  	 (
  8  	  idInt
  9  	 )
 10  	 ON DELETE CASCADE
 11  ;

Tabla modificada.

SQL> 
SQL> 
SQL> ALTER TABLE ETNOLOGIA
  2  	 ADD CONSTRAINT Relation_11 FOREIGN KEY
  3  	 (
  4  	  idAdq
  5  	 )
  6  	 REFERENCES ADQUISICION
  7  	 (
  8  	  idAdq
  9  	 )
 10  	 ON DELETE CASCADE
 11  ;

Tabla modificada.

SQL> 
SQL> 
SQL> ALTER TABLE OBJETO
  2  	 ADD CONSTRAINT Relation_14 FOREIGN KEY
  3  	 (
  4  	  idBib
  5  	 )
  6  	 REFERENCES BIBLIOGRAFIA
  7  	 (
  8  	  idBib
  9  	 )
 10  	 ON DELETE CASCADE
 11  ;

Tabla modificada.

SQL> 
SQL> 
SQL> ALTER TABLE PROCEDENCIA_BELLA
  2  	 ADD CONSTRAINT Relation_15 FOREIGN KEY
  3  	 (
  4  	  idObra
  5  	 )
  6  	 REFERENCES BELLA_ARTE
  7  	 (
  8  	  idObra
  9  	 )
 10  	 ON DELETE CASCADE
 11  ;

Tabla modificada.

SQL> 
SQL> 
SQL> ALTER TABLE CONSERVACION
  2  	 ADD CONSTRAINT Relation_18 FOREIGN KEY
  3  	 (
  4  	  idProA
  5  	 )
  6  	 REFERENCES PROCEDENCIA_ARQUE
  7  	 (
  8  	  idProA
  9  	 )
 10  	 ON DELETE CASCADE
 11  ;

Tabla modificada.

SQL> 
SQL> 
SQL> ALTER TABLE OBJETO
  2  	 ADD CONSTRAINT Relation_2 FOREIGN KEY
  3  	 (
  4  	  idObra
  5  	 )
  6  	 REFERENCES BELLA_ARTE
  7  	 (
  8  	  idObra
  9  	 )
 10  	 ON DELETE CASCADE
 11  ;

Tabla modificada.

SQL> 
SQL> 
SQL> ALTER TABLE INTERVENCION
  2  	 ADD CONSTRAINT Relation_20 FOREIGN KEY
  3  	 (
  4  	  idCons
  5  	 )
  6  	 REFERENCES CONSERVACION
  7  	 (
  8  	  idCons
  9  	 )
 10  	 ON DELETE CASCADE
 11  ;

Tabla modificada.

SQL> 
SQL> 
SQL> ALTER TABLE DOCUMENTO
  2  	 ADD CONSTRAINT Relation_200 FOREIGN KEY
  3  	 (
  4  	  idEst
  5  	 )
  6  	 REFERENCES INFO_ESTADO
  7  	 (
  8  	  idEst
  9  	 )
 10  	 ON DELETE CASCADE
 11  ;

Tabla modificada.

SQL> 
SQL> 
SQL> ALTER TABLE INTERVENCION
  2  	 ADD CONSTRAINT Relation_21 FOREIGN KEY
  3  	 (
  4  	  idDoc
  5  	 )
  6  	 REFERENCES DOCUMENTO
  7  	 (
  8  	  idDoc
  9  	 )
 10  	 ON DELETE CASCADE
 11  ;

Tabla modificada.

SQL> 
SQL> 
SQL> ALTER TABLE OBJETO
  2  	 ADD CONSTRAINT Relation_3 FOREIGN KEY
  3  	 (
  4  	  idArq
  5  	 )
  6  	 REFERENCES ARQUEOLOGIA
  7  	 (
  8  	  idArq
  9  	 )
 10  	 ON DELETE CASCADE
 11  ;

Tabla modificada.

SQL> 
SQL> 
SQL> ALTER TABLE DOCUMENTO
  2  	 ADD CONSTRAINT Relation_300 FOREIGN KEY
  3  	 (
  4  	  idInfo
  5  	 )
  6  	 REFERENCES INFO_INTERVENCION
  7  	 (
  8  	  idInfo
  9  	 )
 10  	 ON DELETE CASCADE
 11  ;

Tabla modificada.

SQL> 
SQL> 
SQL> ALTER TABLE OBJETO
  2  	 ADD CONSTRAINT Relation_4 FOREIGN KEY
  3  	 (
  4  	  idEt
  5  	 )
  6  	 REFERENCES ETNOLOGIA
  7  	 (
  8  	  idEt
  9  	 )
 10  	 ON DELETE CASCADE
 11  ;

Tabla modificada.

SQL> 
SQL> 
SQL> ALTER TABLE INFO_ESTADO
  2  	 ADD CONSTRAINT Relation_400 FOREIGN KEY
  3  	 (
  4  	  idDoc
  5  	 )
  6  	 REFERENCES DOCUMENTO
  7  	 (
  8  	  idDoc
  9  	 )
 10  	 ON DELETE CASCADE
 11  ;

Tabla modificada.

SQL> 
SQL> 
SQL> ALTER TABLE BELLA_ARTE
  2  	 ADD CONSTRAINT Relation_5 FOREIGN KEY
  3  	 (
  4  	  idArt
  5  	 )
  6  	 REFERENCES ARTISTA
  7  	 (
  8  	  idArt
  9  	 )
 10  	 ON DELETE CASCADE
 11  ;

Tabla modificada.

SQL> 
SQL> 
SQL> ALTER TABLE INFO_INTERVENCION
  2  	 ADD CONSTRAINT Relation_500 FOREIGN KEY
  3  	 (
  4  	  idDoc
  5  	 )
  6  	 REFERENCES DOCUMENTO
  7  	 (
  8  	  idDoc
  9  	 )
 10  	 ON DELETE CASCADE
 11  ;

Tabla modificada.

SQL> 
SQL> 
SQL> ALTER TABLE ARQUEOLOGIA
  2  	 ADD CONSTRAINT Relation_7 FOREIGN KEY
  3  	 (
  4  	  idFec
  5  	 )
  6  	 REFERENCES FECHA
  7  	 (
  8  	  idFec
  9  	 )
 10  	 ON DELETE CASCADE
 11  ;

Tabla modificada.

SQL> 
SQL> 
SQL> ALTER TABLE ARQUEOLOGIA
  2  	 ADD CONSTRAINT Relation_8 FOREIGN KEY
  3  	 (
  4  	  idOri
  5  	 )
  6  	 REFERENCES ORIGEN
  7  	 (
  8  	  idOri
  9  	 )
 10  	 ON DELETE CASCADE
 11  ;

Tabla modificada.

SQL> 
SQL> 
SQL> ALTER TABLE ARQUEOLOGIA
  2  	 ADD CONSTRAINT Relation_9 FOREIGN KEY
  3  	 (
  4  	  idCons
  5  	 )
  6  	 REFERENCES CONSERVACION
  7  	 (
  8  	  idCons
  9  	 )
 10  	 ON DELETE CASCADE
 11  ;

Tabla modificada.

SQL> 
SQL> 
SQL> 
SQL> -- Informe de Resumen de Oracle SQL Developer Data Modeler:
SQL> --
SQL> -- CREATE TABLE				27
SQL> -- CREATE INDEX				 6
SQL> -- ALTER TABLE				56
SQL> -- CREATE VIEW				 0
SQL> -- CREATE PACKAGE				 0
SQL> -- CREATE PACKAGE BODY			 0
SQL> -- CREATE PROCEDURE			 0
SQL> -- CREATE FUNCTION 			 0
SQL> -- CREATE TRIGGER				 0
SQL> -- ALTER TRIGGER				 0
SQL> -- CREATE STRUCTURED TYPE			 0
SQL> -- CREATE COLLECTION TYPE			 0
SQL> -- CREATE CLUSTER				 0
SQL> -- CREATE CONTEXT				 0
SQL> -- CREATE DATABASE 			 0
SQL> -- CREATE DIMENSION			 0
SQL> -- CREATE DIRECTORY			 0
SQL> -- CREATE DISK GROUP			 0
SQL> -- CREATE ROLE				 0
SQL> -- CREATE ROLLBACK SEGMENT 		 0
SQL> -- CREATE SEQUENCE 			 0
SQL> -- CREATE MATERIALIZED VIEW		 0
SQL> -- CREATE SYNONYM				 0
SQL> -- CREATE TABLESPACE			 0
SQL> -- CREATE USER				 0
SQL> --
SQL> -- DROP TABLESPACE 			 0
SQL> -- DROP DATABASE				 0
SQL> --
SQL> -- ERRORS					 0
SQL> -- WARNINGS				 0
SQL> 
SQL> spool off
