SQL> 
SQL> drop user MUSEO cascade;

Usuario borrado.

SQL> create user MUSEO identified by "museo";

Usuario creado.

SQL> grant create session, create table, unlimited tablespace to MUSEO;

ConcesiÃ³n terminada correctamente.

SQL> conn MUSEO/museo
Conectado.
SQL> 
SQL> CREATE TABLE ADQUISICION
  2  	 (
  3  	  idAdq INTEGER  NOT NULL ,
  4  	  metodo VARCHAR2 (30)
  5  	 )
  6  ;

Tabla creada.

SQL> 
SQL> 
SQL> 
SQL> ALTER TABLE ADQUISICION
  2  	 ADD CONSTRAINT "ADQUISICION PK" PRIMARY KEY ( idAdq ) ;

Tabla modificada.

SQL> 
SQL> 
SQL> 
SQL> CREATE TABLE ARQUEOLOGIA
  2  	 (
  3  	  idArq INTEGER  NOT NULL ,
  4  	  nomObj VARCHAR2 (30) ,
  5  	  peso VARCHAR2 (20) ,
  6  	  idFec INTEGER  NOT NULL ,
  7  	  idOri INTEGER  NOT NULL ,
  8  	  idCons INTEGER  NOT NULL
  9  	 )
 10  ;

Tabla creada.

SQL> 
SQL> 
SQL> 
SQL> ALTER TABLE ARQUEOLOGIA
  2  	 ADD CONSTRAINT "ARQUEOLOGIA PK" PRIMARY KEY ( idArq ) ;

Tabla modificada.

SQL> 
SQL> 
SQL> 
SQL> CREATE TABLE ARTISTA
  2  	 (
  3  	  idArt INTEGER  NOT NULL ,
  4  	  nomArt VARCHAR2 (30) ,
  5  	  apeArt VARCHAR2 (30) ,
  6  	  codigo INTEGER ,
  7  	  lugNac VARCHAR2 (40) ,
  8  	  fNac DATE
  9  	 )
 10  ;

Tabla creada.

SQL> 
SQL> 
SQL> 
SQL> ALTER TABLE ARTISTA
  2  	 ADD CONSTRAINT "ARTISTA PK" PRIMARY KEY ( idArt ) ;

Tabla modificada.

SQL> 
SQL> 
SQL> 
SQL> CREATE TABLE BELLA_ARTE
  2  	 (
  3  	  idObra INTEGER  NOT NULL ,
  4  	  nomObra VARCHAR2 (30) ,
  5  	  numInv INTEGER ,
  6  	  ubicacion VARCHAR2 (50) ,
  7  	  idArt INTEGER  NOT NULL
  8  	 )
  9  ;

Tabla creada.

SQL> 
SQL> 
SQL> 
SQL> ALTER TABLE BELLA_ARTE
  2  	 ADD CONSTRAINT "BELLA_ARTE PK" PRIMARY KEY ( idObra ) ;

Tabla modificada.

SQL> 
SQL> 
SQL> 
SQL> CREATE TABLE COMPOSICION
  2  	 (
  3  	  objeto INTEGER  NOT NULL ,
  4  	  material INTEGER  NOT NULL
  5  	 )
  6  ;

Tabla creada.

SQL> 
SQL> 
SQL> 
SQL> ALTER TABLE COMPOSICION
  2  	 ADD CONSTRAINT COMPOSICION__IDX PRIMARY KEY ( objeto, material ) ;

Tabla modificada.

SQL> 
SQL> 
SQL> 
SQL> CREATE TABLE CONSERVACION
  2  	 (
  3  	  idCons INTEGER  NOT NULL ,
  4  	  estado VARCHAR2 (30)
  5  	 )
  6  ;

Tabla creada.

SQL> 
SQL> 
SQL> 
SQL> ALTER TABLE CONSERVACION
  2  	 ADD CONSTRAINT "CONSERVACION PK" PRIMARY KEY ( idCons ) ;

Tabla modificada.

SQL> 
SQL> 
SQL> 
SQL> CREATE TABLE DESCRIPCION
  2  	 (
  3  	  idDes INTEGER  NOT NULL ,
  4  	  numEnt INTEGER ,
  5  	  numLib INTEGER
  6  	 )
  7  ;

Tabla creada.

SQL> 
SQL> 
SQL> 
SQL> ALTER TABLE DESCRIPCION
  2  	 ADD CONSTRAINT "DESCRIPCION PK" PRIMARY KEY ( idDes ) ;

Tabla modificada.

SQL> 
SQL> 
SQL> 
SQL> CREATE TABLE ETNOLOGIA
  2  	 (
  3  	  idEt INTEGER	NOT NULL ,
  4  	  fIng DATE ,
  5  	  fAdq DATE ,
  6  	  procedencia VARCHAR2 (30) ,
  7  	  idDes INTEGER  NOT NULL ,
  8  	  idAdq INTEGER  NOT NULL
  9  	 )
 10  ;

Tabla creada.

SQL> 
SQL> 
SQL> 
SQL> ALTER TABLE ETNOLOGIA
  2  	 ADD CONSTRAINT "ETNOLOGIA PK" PRIMARY KEY ( idEt ) ;

Tabla modificada.

SQL> 
SQL> 
SQL> 
SQL> CREATE TABLE FECHA
  2  	 (
  3  	  idFec INTEGER  NOT NULL ,
  4  	  fIng DATE ,
  5  	  fIns DATE
  6  	 )
  7  ;

Tabla creada.

SQL> 
SQL> 
SQL> 
SQL> ALTER TABLE FECHA
  2  	 ADD CONSTRAINT "FECHA PK" PRIMARY KEY ( idFec ) ;

Tabla modificada.

SQL> 
SQL> 
SQL> 
SQL> CREATE TABLE MATERIAL
  2  	 (
  3  	  idMat INTEGER  NOT NULL ,
  4  	  nomMat VARCHAR2 (30)
  5  	 )
  6  ;

Tabla creada.

SQL> 
SQL> 
SQL> 
SQL> ALTER TABLE MATERIAL
  2  	 ADD CONSTRAINT "MATERIAL PK" PRIMARY KEY ( idMat ) ;

Tabla modificada.

SQL> 
SQL> 
SQL> 
SQL> CREATE TABLE OBJETO
  2  	 (
  3  	  idObj INTEGER  NOT NULL ,
  4  	  nomObj VARCHAR2 (30) ,
  5  	  numCat INTEGER ,
  6  	  dimensiones VARCHAR2 (15) ,
  7  	  idObra INTEGER  NOT NULL ,
  8  	  idArq INTEGER  NOT NULL ,
  9  	  idEt INTEGER	NOT NULL
 10  	 )
 11  ;

Tabla creada.

SQL> 
SQL> 
SQL> 
SQL> ALTER TABLE OBJETO
  2  	 ADD CONSTRAINT "OBJETO PK" PRIMARY KEY ( idObj ) ;

Tabla modificada.

SQL> 
SQL> 
SQL> 
SQL> CREATE TABLE ORIGEN
  2  	 (
  3  	  idOri INTEGER  NOT NULL ,
  4  	  cultura VARCHAR2 (30) ,
  5  	  serie VARCHAR2 (30) ,
  6  	  serie_2 VARCHAR2 (30)
  7  	 )
  8  ;

Tabla creada.

SQL> 
SQL> 
SQL> 
SQL> ALTER TABLE ORIGEN
  2  	 ADD CONSTRAINT "ORIGEN PK" PRIMARY KEY ( idOri ) ;

Tabla modificada.

SQL> 
SQL> 
SQL> 
SQL> CREATE TABLE TECNICA
  2  	 (
  3  	  idTec INTEGER  NOT NULL ,
  4  	  nomTec VARCHAR2 (30) ,
  5  	  estilo VARCHAR2 (30) ,
  6  	  idArt INTEGER  NOT NULL
  7  	 )
  8  ;

Tabla creada.

SQL> 
SQL> 
SQL> 
SQL> ALTER TABLE TECNICA
  2  	 ADD CONSTRAINT "TECNICA PK" PRIMARY KEY ( idTec ) ;

Tabla modificada.

SQL> 
SQL> 
SQL> 
SQL> 
SQL> ALTER TABLE COMPOSICION
  2  	 ADD CONSTRAINT FK_ASS_1 FOREIGN KEY
  3  	 (
  4  	  objeto
  5  	 )
  6  	 REFERENCES OBJETO
  7  	 (
  8  	  idObj
  9  	 )
 10  	 ON DELETE CASCADE
 11  ;

Tabla modificada.

SQL> 
SQL> 
SQL> ALTER TABLE COMPOSICION
  2  	 ADD CONSTRAINT FK_ASS_2 FOREIGN KEY
  3  	 (
  4  	  material
  5  	 )
  6  	 REFERENCES MATERIAL
  7  	 (
  8  	  idMat
  9  	 )
 10  	 ON DELETE CASCADE
 11  ;

Tabla modificada.

SQL> 
SQL> 
SQL> ALTER TABLE ETNOLOGIA
  2  	 ADD CONSTRAINT Relation_10 FOREIGN KEY
  3  	 (
  4  	  idDes
  5  	 )
  6  	 REFERENCES DESCRIPCION
  7  	 (
  8  	  idDes
  9  	 )
 10  	 ON DELETE CASCADE
 11  ;

Tabla modificada.

SQL> 
SQL> 
SQL> ALTER TABLE ETNOLOGIA
  2  	 ADD CONSTRAINT Relation_11 FOREIGN KEY
  3  	 (
  4  	  idAdq
  5  	 )
  6  	 REFERENCES ADQUISICION
  7  	 (
  8  	  idAdq
  9  	 )
 10  	 ON DELETE CASCADE
 11  ;

Tabla modificada.

SQL> 
SQL> 
SQL> ALTER TABLE OBJETO
  2  	 ADD CONSTRAINT Relation_2 FOREIGN KEY
  3  	 (
  4  	  idObra
  5  	 )
  6  	 REFERENCES BELLA_ARTE
  7  	 (
  8  	  idObra
  9  	 )
 10  	 ON DELETE CASCADE
 11  ;

Tabla modificada.

SQL> 
SQL> 
SQL> ALTER TABLE OBJETO
  2  	 ADD CONSTRAINT Relation_3 FOREIGN KEY
  3  	 (
  4  	  idArq
  5  	 )
  6  	 REFERENCES ARQUEOLOGIA
  7  	 (
  8  	  idArq
  9  	 )
 10  	 ON DELETE CASCADE
 11  ;

Tabla modificada.

SQL> 
SQL> 
SQL> ALTER TABLE OBJETO
  2  	 ADD CONSTRAINT Relation_4 FOREIGN KEY
  3  	 (
  4  	  idEt
  5  	 )
  6  	 REFERENCES ETNOLOGIA
  7  	 (
  8  	  idEt
  9  	 )
 10  	 ON DELETE CASCADE
 11  ;

Tabla modificada.

SQL> 
SQL> 
SQL> ALTER TABLE BELLA_ARTE
  2  	 ADD CONSTRAINT Relation_5 FOREIGN KEY
  3  	 (
  4  	  idArt
  5  	 )
  6  	 REFERENCES ARTISTA
  7  	 (
  8  	  idArt
  9  	 )
 10  	 ON DELETE CASCADE
 11  ;

Tabla modificada.

SQL> 
SQL> 
SQL> ALTER TABLE TECNICA
  2  	 ADD CONSTRAINT Relation_6 FOREIGN KEY
  3  	 (
  4  	  idArt
  5  	 )
  6  	 REFERENCES ARTISTA
  7  	 (
  8  	  idArt
  9  	 )
 10  	 ON DELETE CASCADE
 11  ;

Tabla modificada.

SQL> 
SQL> 
SQL> ALTER TABLE ARQUEOLOGIA
  2  	 ADD CONSTRAINT Relation_7 FOREIGN KEY
  3  	 (
  4  	  idFec
  5  	 )
  6  	 REFERENCES FECHA
  7  	 (
  8  	  idFec
  9  	 )
 10  	 ON DELETE CASCADE
 11  ;

Tabla modificada.

SQL> 
SQL> 
SQL> ALTER TABLE ARQUEOLOGIA
  2  	 ADD CONSTRAINT Relation_8 FOREIGN KEY
  3  	 (
  4  	  idOri
  5  	 )
  6  	 REFERENCES ORIGEN
  7  	 (
  8  	  idOri
  9  	 )
 10  	 ON DELETE CASCADE
 11  ;

Tabla modificada.

SQL> 
SQL> 
SQL> ALTER TABLE ARQUEOLOGIA
  2  	 ADD CONSTRAINT Relation_9 FOREIGN KEY
  3  	 (
  4  	  idCons
  5  	 )
  6  	 REFERENCES CONSERVACION
  7  	 (
  8  	  idCons
  9  	 )
 10  	 ON DELETE CASCADE
 11  ;

Tabla modificada.

SQL> 
SQL> 
SQL> 
SQL> -- Informe de Resumen de Oracle SQL Developer Data Modeler:
SQL> --
SQL> -- CREATE TABLE				13
SQL> -- CREATE INDEX				 0
SQL> -- ALTER TABLE				25
SQL> -- CREATE VIEW				 0
SQL> -- CREATE PACKAGE				 0
SQL> -- CREATE PACKAGE BODY			 0
SQL> -- CREATE PROCEDURE			 0
SQL> -- CREATE FUNCTION 			 0
SQL> -- CREATE TRIGGER				 0
SQL> -- ALTER TRIGGER				 0
SQL> -- CREATE STRUCTURED TYPE			 0
SQL> -- CREATE COLLECTION TYPE			 0
SQL> -- CREATE CLUSTER				 0
SQL> -- CREATE CONTEXT				 0
SQL> -- CREATE DATABASE 			 0
SQL> -- CREATE DIMENSION			 0
SQL> -- CREATE DIRECTORY			 0
SQL> -- CREATE DISK GROUP			 0
SQL> -- CREATE ROLE				 0
SQL> -- CREATE ROLLBACK SEGMENT 		 0
SQL> -- CREATE SEQUENCE 			 0
SQL> -- CREATE MATERIALIZED VIEW		 0
SQL> -- CREATE SYNONYM				 0
SQL> -- CREATE TABLESPACE			 0
SQL> -- CREATE USER				 0
SQL> --
SQL> -- DROP TABLESPACE 			 0
SQL> -- DROP DATABASE				 0
SQL> --
SQL> -- ERRORS					 0
SQL> -- WARNINGS				 0
SQL> 
SQL> spool off
